// Jest Snapshot v1, https://goo.gl/fbAQLP

exports[`Pruebas MultipleCustomHooks Debe de mostrar la informaci√≥n 1`] = `
<div>
  <h1>
    Breaking Bad quotes
  </h1>
  <hr />
  <blockquote
    className="blockquote text-right"
  >
    <p
      className="mb-0"
    >
      Hola Mundo
    </p>
    <footer
      className="blockquote-footer"
    >
      Adrian
    </footer>
  </blockquote>
  <button
    className="btn btn-primary"
    onClick={[Function]}
  >
    Siguiente frase
  </button>
</div>
`;

exports[`Pruebas MultipleCustomHooks Debe de mostrarse correctamente 1`] = `
<div>
  <h1>
    Breaking Bad quotes
  </h1>
  <hr />
  <div
    className="alert alert-info text-center"
  >
    Loading...
  </div>
</div>
`;
