// Jest Snapshot v1, https://goo.gl/fbAQLP

exports[`Pruebas en <LoginScreen/> Debe de mostrarse correctamente 1`] = `
<div>
  <h1>
    Login Screen
  </h1>
  <hr />
  <button
    onClick={[Function]}
  >
    Login
  </button>
</div>
`;
